// Jest Snapshot v1, https://goo.gl/fbAQLP

exports[`NavBar should match the snapshot 1`] = `
<div>
  <div
    class="sideNav"
  >
    <ul>
      <a
        href=""
      >
        <li>
          <p>
            Icon mock
          </p>
        </li>
      </a>
      <a
        href=""
      >
        <p>
          Icon mock
        </p>
        <li>
          Home
        </li>
      </a>
      <a
        href=""
      >
        <p>
          Icon mock
        </p>
        <li>
          Trending
        </li>
      </a>
      <a
        href=""
      >
        <p>
          Icon mock
        </p>
        <li>
          Subscriptions
        </li>
      </a>
      <a
        href=""
      >
        <p>
          Icon mock
        </p>
        <li>
          Library
        </li>
      </a>
    </ul>
  </div>
</div>
`;
